// Jest Snapshot v1, https://goo.gl/fbAQLP

exports[`matches snapshot 1`] = `
<DocumentFragment>
  <div
    class="TodoList"
  >
    <form
      class="NewTodoForm"
    >
      <label
        for="task"
      >
        Task:
      </label>
      <input
        class="NewTodoForm-input"
        id="task"
        name="task"
        type="text"
        value=""
      />
      <button
        type="submit"
      >
        Add Todo
      </button>
    </form>
  </div>
</DocumentFragment>
`;
